[solonick.kwst.net/site/index3.html]
[backblue.gif]
[fade.gif]
[index.html]
[solonick.kwst.net/site/css/plugins.css]
[solonick.kwst.net/site/css/style.css]
[solonick.kwst.net/site/css/color.css]
[solonick.kwst.net/site/images/favicon.ico]
[solonick.kwst.net/site/index.html]
[solonick.kwst.net/site/images/logo.png]
[solonick.kwst.net/site/images/logo2.png]
[solonick.kwst.net/site/index2.html]
[solonick.kwst.net/site/index4.html]
[solonick.kwst.net/site/index5.html]
[solonick.kwst.net/site/index6.html]
[solonick.kwst.net/site/index7.html]
[solonick.kwst.net/site/index8.html]
[solonick.kwst.net/site/portfolio.html]
[solonick.kwst.net/site/portfolio2.html]
[solonick.kwst.net/site/portfolio3.html]
[solonick.kwst.net/site/portfolio4.html]
[solonick.kwst.net/site/portfolio5.html]
[solonick.kwst.net/site/portfolio6.html]
[solonick.kwst.net/site/portfolio8.html]
[solonick.kwst.net/site/portfolio-single.html]
[solonick.kwst.net/site/portfolio-single2.html]
[solonick.kwst.net/site/portfolio-single3.html]
[solonick.kwst.net/site/portfolio-single4.html]
[solonick.kwst.net/site/portfolio-single5.html]
[solonick.kwst.net/site/portfolio-single6.html]
[solonick.kwst.net/site/portfolio-single7.html]
[solonick.kwst.net/site/portfolio-single8.html]
[solonick.kwst.net/site/services.html]
[solonick.kwst.net/site/contacts.html]
[solonick.kwst.net/site/blog.html]
[solonick.kwst.net/site/services2.html]
[solonick.kwst.net/site/blog-single.html]
[solonick.kwst.net/site/team.html]
[solonick.kwst.net/site/team-single.html]
[solonick.kwst.net/site/coming-soon.html]
[solonick.kwst.net/site/404.html]
[solonick.kwst.net/site/images/all/1.jpg]
[solonick.kwst.net/site/images/all/4.jpg]
[solonick.kwst.net/site/images/all/8.jpg]
[solonick.kwst.net/site/images/all/6.jpg]
[solonick.kwst.net/site/images/all/2.jpg]
[solonick.kwst.net/site/images/folio/web/slider/3.jpg]
[solonick.kwst.net/site/images/folio/web/slider/4.jpg]
[solonick.kwst.net/site/images/folio/web/slider/1.jpg]
[solonick.kwst.net/site/images/folio/web/slider/2.jpg]
[solonick.kwst.net/site/images/folio/web/slider/5.jpg]
[solonick.kwst.net/site/images/avatar/1.jpg]
[solonick.kwst.net/site/images/avatar/2.jpg]
[solonick.kwst.net/site/images/avatar/3.jpg]
[solonick.kwst.net/site/images/avatar/4.jpg]
[solonick.kwst.net/site/images/clients/1.png]
[solonick.kwst.net/site/images/clients/2.png]
[solonick.kwst.net/site/images/clients/3.png]
[solonick.kwst.net/site/images/clients/4.png]
[solonick.kwst.net/site/images/clients/5.png]
[solonick.kwst.net/site/js/scripts.js]
[solonick.kwst.net/site/index3.html]
[solonick.kwst.net/site/css/reset.css]
[solonick.kwst.net/site/js/jquery.min.js]
[solonick.kwst.net/site/fonts/fa-brands-400.eot]
[solonick.kwst.net/site/fonts/fa-brands-400.woff2]
[solonick.kwst.net/site/fonts/fa-brands-400.woff]
[solonick.kwst.net/site/js/plugins.js]
[solonick.kwst.net/site/fonts/fa-brands-400d41d.eot]
[solonick.kwst.net/site/fonts/fa-brands-400.ttf]
[solonick.kwst.net/site/fonts/fa-light-300.eot]
[solonick.kwst.net/site/fonts/fa-brands-400.svg]
[solonick.kwst.net/site/fonts/fa-light-300d41d.eot]
[solonick.kwst.net/site/fonts/fa-light-300.woff2]
[solonick.kwst.net/site/fonts/fa-light-300.woff]
[solonick.kwst.net/site/fonts/fa-light-300.ttf]
[solonick.kwst.net/site/fonts/fa-light-300.svg]
[solonick.kwst.net/site/fonts/fa-regular-400.eot]
[solonick.kwst.net/site/fonts/fa-regular-400.woff2]
[solonick.kwst.net/site/fonts/fa-regular-400d41d.eot]
[solonick.kwst.net/site/fonts/fa-regular-400.woff]
[solonick.kwst.net/site/fonts/fa-regular-400.ttf]
[solonick.kwst.net/site/fonts/fa-solid-900.eot]
[solonick.kwst.net/site/fonts/fa-regular-400.svg]
[solonick.kwst.net/site/fonts/fa-solid-900.woff2]
[solonick.kwst.net/site/fonts/fa-solid-900d41d.eot]
[solonick.kwst.net/site/fonts/fa-solid-900.woff]
[solonick.kwst.net/site/fonts/fa-solid-900.ttf]
[solonick.kwst.net/site/fonts/lgd641.eot]
[solonick.kwst.net/site/fonts/fa-solid-900.svg]
[solonick.kwst.net/site/fonts/lgd41d.eot]
[solonick.kwst.net/site/fonts/lgd641.woff]
[solonick.kwst.net/site/fonts/lgd641.ttf]
[solonick.kwst.net/site/fonts/lgd641.svg]
[solonick.kwst.net/site/css/plugins.css]
[solonick.kwst.net/site/images/pattern.png]
[solonick.kwst.net/site/images/clouds.png]
[solonick.kwst.net/site/css/style.css]
[solonick.kwst.net/site/css/color.css]
[solonick.kwst.net/site/index.html]
[solonick.kwst.net/site/index2.html]
[solonick.kwst.net/site/index4.html]
[solonick.kwst.net/site/images/bg/26.jpg]
[solonick.kwst.net/site/images/bg/13.jpg]
[solonick.kwst.net/site/images/bg/27.jpg]
[solonick.kwst.net/site/index5.html]
[solonick.kwst.net/site/images/bg/16.jpg]
[solonick.kwst.net/site/images/bg/9.jpg]
[solonick.kwst.net/site/images/bg/24.jpg]
[solonick.kwst.net/site/index6.html]
[solonick.kwst.net/site/images/bg/3.jpg]
[solonick.kwst.net/site/images/bg/29.jpg]
[solonick.kwst.net/site/images/bg/21.jpg]
[solonick.kwst.net/site/images/bg/8.jpg]
[solonick.kwst.net/site/index7.html]
[solonick.kwst.net/site/video/2.mp4]
[solonick.kwst.net/site/index8.html]
[solonick.kwst.net/site/images/folio/1.jpg]
[solonick.kwst.net/site/images/folio/2.jpg]
[solonick.kwst.net/site/images/folio/3.jpg]
[solonick.kwst.net/site/images/folio/13.jpg]
[solonick.kwst.net/site/images/folio/5.jpg]
[solonick.kwst.net/site/images/folio/6.jpg]
[solonick.kwst.net/site/images/folio/9.jpg]
[solonick.kwst.net/site/images/folio/8.jpg]
[solonick.kwst.net/site/images/folio/12.jpg]
[solonick.kwst.net/site/images/folio/11.jpg]
[solonick.kwst.net/site/images/folio/7.jpg]
[solonick.kwst.net/site/images/folio/10.jpg]
[solonick.kwst.net/site/images/folio/14.jpg]
[solonick.kwst.net/site/images/folio/16.jpg]
[solonick.kwst.net/site/images/folio/17.jpg]
[solonick.kwst.net/site/portfolio.html]
[solonick.kwst.net/site/images/folio/22.jpg]
[solonick.kwst.net/site/portfolio2.html]
[solonick.kwst.net/site/images/folio/25.jpg]
[solonick.kwst.net/site/portfolio3.html]
[solonick.kwst.net/site/images/folio/4.jpg]
[solonick.kwst.net/site/portfolio4.html]
[solonick.kwst.net/site/video/1.mp4]
[solonick.kwst.net/site/images/folio/24.jpg]
[solonick.kwst.net/site/images/folio/15.jpg]
[solonick.kwst.net/site/portfolio5.html]
[solonick.kwst.net/site/portfolio6.html]
[solonick.kwst.net/site/images/bg/long/1.jpg]
[solonick.kwst.net/site/images/bg/long/2.jpg]
[solonick.kwst.net/site/images/bg/long/3.jpg]
[solonick.kwst.net/site/images/bg/long/4.jpg]
[solonick.kwst.net/site/images/bg/long/5.jpg]
[solonick.kwst.net/site/portfolio8.html]
[solonick.kwst.net/site/portfolio-single.html]
[solonick.kwst.net/site/portfolio-single2.html]
[solonick.kwst.net/site/portfolio-single3.html]
[solonick.kwst.net/site/portfolio-single4.html]
[solonick.kwst.net/site/images/folio/19.jpg]
[solonick.kwst.net/site/portfolio-single5.html]
[solonick.kwst.net/site/portfolio-single6.html]
[solonick.kwst.net/site/images/bg/5.jpg]
[solonick.kwst.net/site/images/bg/6.jpg]
[solonick.kwst.net/site/portfolio-single7.html]
[solonick.kwst.net/site/portfolio-single8.html]
[solonick.kwst.net/site/services.html]
[solonick.kwst.net/site/js/map.js]
[solonick.kwst.net/site/contacts.html]
[solonick.kwst.net/site/images/avatar/7.jpg]
[solonick.kwst.net/site/blog.html]
[solonick.kwst.net/site/images/services/1.jpg]
[solonick.kwst.net/site/images/services/1-big.jpg]
[solonick.kwst.net/site/images/services/2.jpg]
[solonick.kwst.net/site/images/services/2-big.jpg]
[solonick.kwst.net/site/images/services/3.jpg]
[solonick.kwst.net/site/images/services/3-big.jpg]
[solonick.kwst.net/site/images/services/4.jpg]
[solonick.kwst.net/site/images/services/4-big.jpg]
[solonick.kwst.net/site/services2.html]
[solonick.kwst.net/site/images/team/8.jpg]
[solonick.kwst.net/site/images/team/9.jpg]
[solonick.kwst.net/site/blog-single.html]
[solonick.kwst.net/site/images/team/1.jpg]
[solonick.kwst.net/site/images/team/2.jpg]
[solonick.kwst.net/site/images/team/3.jpg]
[solonick.kwst.net/site/images/team/4.jpg]
[solonick.kwst.net/site/images/team/5.jpg]
[solonick.kwst.net/site/team.html]
[solonick.kwst.net/site/team-single.html]
[solonick.kwst.net/site/images/bg/31.jpg]
[solonick.kwst.net/site/coming-soon.html]
[solonick.kwst.net/site/404.html]
[solonick.kwst.net/site/fonts/fa-brands-400.svg]
[solonick.kwst.net/site/fonts/fa-light-300.svg]
[solonick.kwst.net/site/fonts/fa-regular-400.svg]
[solonick.kwst.net/site/fonts/fa-solid-900.svg]
[solonick.kwst.net/site/fonts/lgd641.svg]
[solonick.kwst.net/site/img/vimeo-play.html]
[solonick.kwst.net/site/img/video-play.html]
[solonick.kwst.net/site/img/youtube-play.html]
[solonick.kwst.net/site/images/loading.html]
[solonick.kwst.net/site/contscts.html]
[solonick.kwst.net/site/portfoli5.html]
[solonick.kwst.net/site/portfolio7.html]
[solonick.kwst.net/site/portfolio-single9.html]
[solonick.kwst.net/site/video/1.mp4]
